[0;36m==> [1;36mNotice:[m Build may be slow as Theos isn’t using all available CPU cores on this computer. Consider upgrading GNU Make: https://theos.dev/docs/parallel-building
[1;31m> [1;3;39mMaking all for tweak PiPBar…[m
[0;31m==> [1;39mPreprocessing Tweak.x…[m
[0;32m==> [1;39mCompiling Tweak.x (arm64)…[m
[0;33m==> [1;39mLinking tweak PiPBar (arm64)…[m
ld: warning: -multiply_defined is obsolete
[0;34m==> [1;39mGenerating debug symbols for PiPBar…[m
[0;34m==> [1;39mStripping PiPBar (arm64)…[m
[0;31m==> [1;39mPreprocessing Tweak.x…[m
[0;32m==> [1;39mCompiling Tweak.x (arm64e)…[m
[0;33m==> [1;39mLinking tweak PiPBar (arm64e)…[m
ld: warning: -multiply_defined is obsolete
[0;34m==> [1;39mGenerating debug symbols for PiPBar…[m
[0;34m==> [1;39mStripping PiPBar (arm64e)…[m
[0;34m==> [1;39mMerging tweak PiPBar…[m
[0;34m==> [1;39mSigning PiPBar…[m
[1;31m> [1;3;39mMaking all in Preferences…[m
[0;36m==> [1;36mNotice:[m Build may be slow as Theos isn’t using all available CPU cores on this computer. Consider upgrading GNU Make: https://theos.dev/docs/parallel-building
[1;31m> [1;3;39mMaking all for bundle PiPBarPrefs…[m
[0;35m==> [1;39mCopying resource directories into the bundle wrapper…[m
[0;32m==> [1;39mCompiling PiPBarSettingsController.m (arm64)…[m
[0;33m==> [1;39mLinking bundle PiPBarPrefs (arm64)…[m
ld: warning: -multiply_defined is obsolete
[0;34m==> [1;39mGenerating debug symbols for PiPBarPrefs…[m
[0;34m==> [1;39mStripping PiPBarPrefs (arm64)…[m
[0;32m==> [1;39mCompiling PiPBarSettingsController.m (arm64e)…[m
[0;33m==> [1;39mLinking bundle PiPBarPrefs (arm64e)…[m
ld: warning: -multiply_defined is obsolete
[0;34m==> [1;39mGenerating debug symbols for PiPBarPrefs…[m
[0;34m==> [1;39mStripping PiPBarPrefs (arm64e)…[m
[0;34m==> [1;39mMerging bundle PiPBarPrefs…[m
[0;34m==> [1;39mSigning PiPBarPrefs…[m
[1;31m> [1;3;39mMaking stage for tweak PiPBar…[m
[1;31m> [1;3;39mMaking stage in Preferences…[m
[1;31m> [1;3;39mMaking stage for bundle PiPBarPrefs…[m
dm.pl: building package `com.yxh41.pipbar:iphoneos-arm64e' in `./packages/com.yxh41.pipbar_0.0.1+d6ffad5_iphoneos-arm64e.deb'
